// Vitest Snapshot v1

exports[`Test of <AddCategory /> > should match with snapshot 1`] = `
<div>
  <form
    aria-label="form"
  >
    <input
      id="seachGifs"
      placeholder="Buscar gifs"
      type="text"
      value=""
    />
  </form>
</div>
`;
