// Jest Snapshot v1, https://goo.gl/fbAQLP

exports[`Tests of <GifGrid /> should match with the snapshot 1`] = `
<div>
  <h3>
    Ibai
  </h3>
  <h4>
    Loading...
  </h4>
  <div
    class="card-grid"
  />
</div>
`;
